src/app/api/auth/register/route.ts(23,65): error TS2339: Property 'errors' does not exist on type 'ZodError<{ fullName: string; email: string; password: string; }>'.
